Last login: Wed Feb 23 15:04:55 on ttys000
erika@Ezequiels-MacBook-Pro ~ % cd trybe/    
cd: no such file or directory: trybe/
erika@Ezequiels-MacBook-Pro ~ % cd trybe
cd: no such file or directory: trybe
erika@Ezequiels-MacBook-Pro ~ % cd douments/trybe
cd: no such file or directory: douments/trybe
erika@Ezequiels-MacBook-Pro ~ % git status
fatal: Not a git repository (or any of the parent directories): .git
erika@Ezequiels-MacBook-Pro ~ % cd exercicios
cd: no such file or directory: exercicios
erika@Ezequiels-MacBook-Pro ~ % git status
fatal: Not a git repository (or any of the parent directories): .git
erika@Ezequiels-MacBook-Pro ~ % git log
fatal: Not a git repository (or any of the parent directories): .git
erika@Ezequiels-MacBook-Pro ~ % cd ..
erika@Ezequiels-MacBook-Pro /Users % git log   
fatal: Not a git repository (or any of the parent directories): .git
erika@Ezequiels-MacBook-Pro /Users % cd documents/trybe
cd: no such file or directory: documents/trybe
erika@Ezequiels-MacBook-Pro /Users % ls
Shared	erika
erika@Ezequiels-MacBook-Pro /Users % cd erika
erika@Ezequiels-MacBook-Pro ~ % ls
Applications	Documents	Library		Music		Public
Desktop		Downloads	Movies		Pictures
erika@Ezequiels-MacBook-Pro ~ % cd documents/trybe
erika@Ezequiels-MacBook-Pro trybe % git status
On branch main
Your branch is up to date with 'origin/main'.

Changes not staged for commit:
  (use "git add/rm <file>..." to update what will be committed)
  (use "git checkout -- <file>..." to discard changes in working directory)

	deleted:    Exercicios/Fundamentos/Bloco1/bloco-1-dia-03/Unix & Bash - Parte 1  .txt
	deleted:    Exercicios/Fundamentos/Bloco1/bloco-1-dia-03/Unix & Bash - Parte1 I.txt
	deleted:    Exercicios/Fundamentos/Bloco1/bloco-1-dia-03/Unix & Bash - Parte1 II.txt
	deleted:    Exercicios/Fundamentos/Bloco1/bloco-1-dia-04/Clone Dietorio GitHub
	deleted:    Exercicios/Fundamentos/Bloco1/bloco-1-dia-04/Git log.txt
	deleted:    Exercicios/Fundamentos/Bloco1/bloco-1-dia-04/Unix & Bash - Parte2 I.txt
	deleted:    Exercicios/Fundamentos/Bloco1/bloco-1-dia-04/Unix & Bash - Parte2 II.txt
	deleted:    Exercicios/Fundamentos/Bloco1/bloco-1-dia-04/Unix_Bash_Dia2
	deleted:    Exercicios/Fundamentos/Bloco1/bloco-1-dia-04/UpLoad diretorio no GitHub
	deleted:    Exercicios/Fundamentos/Bloco1/trybe-skills.txt
	deleted:    Exercicios/Fundamentos/Bloco1/unix_tests/bunch_of_things.txt
	deleted:    Exercicios/Fundamentos/Bloco1/unix_tests/bunch_of_things_ordenado.txt
	deleted:    Exercicios/Fundamentos/Bloco1/unix_tests/countries.txt
	deleted:    Exercicios/Fundamentos/Bloco1/unix_tests/empty.pdf
	deleted:    Exercicios/Fundamentos/Bloco1/unix_tests/empty.tbt
	deleted:    Exercicios/Fundamentos/Bloco1/unix_tests/phrases.txt
	deleted:    Exercicios/Fundamentos/Bloco1/unix_tests/phrases2.txt
	deleted:    Exercicios/Fundamentos/Bloco1/unix_tests/skills2.txt
	deleted:    Exercicios/Fundamentos/Bloco1/unix_tests/top_skills.txt
	deleted:    Exercicios/Fundamentos/Bloco2/5_MOTIVOS_PARA_VOCE_APRENDER_JAVASCRIPT mesh palavras erika.txt
	deleted:    Exercicios/Fundamentos/Bloco2/git-dia-01/Parte 1 - Chave SSH git to github
	deleted:    Exercicios/Fundamentos/Bloco2/git-dia-01/Parte 1 - Instalação e configuração
	deleted:    Exercicios/Fundamentos/Bloco2/git-dia-01/Parte 1 - Instalação e configuração parte II
	deleted:    Exercicios/Fundamentos/Bloco2/git-dia-01/Parte 1 - Instalação e configuração parte III

Untracked files:
  (use "git add <file>..." to include in what will be committed)

	Exercicios/Fundamentos/Bloco-1/
	Exercicios/Fundamentos/Bloco-2/

no changes added to commit (use "git add" and/or "git commit -a")
erika@Ezequiels-MacBook-Pro trybe % git pull -u
error: unknown switch `u'
usage: git pull [<options>] [<repository> [<refspec>...]]

    -v, --verbose         be more verbose
    -q, --quiet           be more quiet
    --progress            force progress reporting
    --recurse-submodules[=<on-demand>]
                          control for recursive fetching of submodules

Options related to merging
    -r, --rebase[=<false|true|preserve|interactive>]
                          incorporate changes by rebasing rather than merging
    -n                    do not show a diffstat at the end of the merge
    --stat                show a diffstat at the end of the merge
    --log[=<n>]           add (at most <n>) entries from shortlog to merge commit message
    --squash              create a single commit instead of doing a merge
    --commit              perform a commit if the merge succeeds (default)
    --edit                edit message before committing
    --ff                  allow fast-forward
    --ff-only             abort if fast-forward is not possible
    --verify-signatures   verify that the named commit has a valid GPG signature
    --autostash           automatically stash/stash pop before and after rebase
    -s, --strategy <strategy>
                          merge strategy to use
    -X, --strategy-option <option=value>
                          option for selected merge strategy
    -S, --gpg-sign[=<key-id>]
                          GPG sign commit
    --allow-unrelated-histories
                          allow merging unrelated histories

Options related to fetching
    --all                 fetch from all remotes
    -a, --append          append to .git/FETCH_HEAD instead of overwriting
    --upload-pack <path>  path to upload pack on remote end
    -f, --force           force overwrite of local branch
    -t, --tags            fetch all tags and associated objects
    -p, --prune           prune remote-tracking branches no longer on remote
    -j, --jobs[=<n>]      number of submodules pulled in parallel
    --dry-run             dry run
    -k, --keep            keep downloaded pack
    --depth <depth>       deepen history of shallow clone
    --unshallow           convert to a complete repository
    --update-shallow      accept refs that update .git/shallow
    --refmap <refmap>     specify fetch refmap

erika@Ezequiels-MacBook-Pro trybe % git add.
git: 'add.' is not a git command. See 'git --help'.

The most similar command is
	add
erika@Ezequiels-MacBook-Pro trybe % git add
Nothing specified, nothing added.
Maybe you wanted to say 'git add .'?
erika@Ezequiels-MacBook-Pro trybe %  git add .
erika@Ezequiels-MacBook-Pro trybe % git status
On branch main
Your branch is up to date with 'origin/main'.

Changes to be committed:
  (use "git reset HEAD <file>..." to unstage)

	renamed:    Exercicios/Fundamentos/Bloco1/bloco-1-dia-03/Unix & Bash - Parte1 II.txt -> Exercicios/Fundamentos/Bloco-1/Dia-1.3/Unix & Bash - Parte1 II.txt
	renamed:    Exercicios/Fundamentos/Bloco1/bloco-1-dia-03/Unix & Bash - Parte 1  .txt -> Exercicios/Fundamentos/Bloco-1/Dia-1.3/unix-&-Bash-Parte-1-I.txt
	new file:   Exercicios/Fundamentos/Bloco-1/Dia-1.3/unix-&-Bash-Parte-1-II.txt
	renamed:    Exercicios/Fundamentos/Bloco1/bloco-1-dia-04/Unix & Bash - Parte2 I.txt -> Exercicios/Fundamentos/Bloco-1/Dia-1.4/Unix-&-Bash-Parte-2-I.txt
	renamed:    Exercicios/Fundamentos/Bloco1/bloco-1-dia-04/Unix & Bash - Parte2 II.txt -> Exercicios/Fundamentos/Bloco-1/Dia-1.4/Unix-&-Bash-Parte-2-II.txt
	new file:   Exercicios/Fundamentos/Bloco-1/Dia-1.4/Unix-&-Bash-Parte-2-III.txt
	new file:   Exercicios/Fundamentos/Bloco-1/Dia-1.4/Unix-&-Bash-Parte-2-IV.txt
	renamed:    Exercicios/Fundamentos/Bloco1/bloco-1-dia-04/Unix_Bash_Dia2 -> Exercicios/Fundamentos/Bloco-1/Dia-1.4/Unix_Bash_Dia2
	renamed:    Exercicios/Fundamentos/Bloco1/trybe-skills.txt -> Exercicios/Fundamentos/Bloco-1/trybe-skills.txt
	renamed:    Exercicios/Fundamentos/Bloco1/unix_tests/bunch_of_things.txt -> Exercicios/Fundamentos/Bloco-1/unix_tests/bunch_of_things.txt
	renamed:    Exercicios/Fundamentos/Bloco1/unix_tests/countries.txt -> Exercicios/Fundamentos/Bloco-1/unix_tests/countries.txt
	renamed:    Exercicios/Fundamentos/Bloco1/unix_tests/empty.pdf -> Exercicios/Fundamentos/Bloco-1/unix_tests/empty.pdf
	renamed:    Exercicios/Fundamentos/Bloco1/unix_tests/empty.tbt -> Exercicios/Fundamentos/Bloco-1/unix_tests/empty.tbt
	renamed:    Exercicios/Fundamentos/Bloco1/unix_tests/phrases.txt -> Exercicios/Fundamentos/Bloco-1/unix_tests/phrases.txt
	renamed:    Exercicios/Fundamentos/Bloco1/unix_tests/phrases2.txt -> Exercicios/Fundamentos/Bloco-1/unix_tests/phrases2.txt
	renamed:    Exercicios/Fundamentos/Bloco1/unix_tests/skills2.txt -> Exercicios/Fundamentos/Bloco-1/unix_tests/skills2.txt
	renamed:    Exercicios/Fundamentos/Bloco1/unix_tests/top_skills.txt -> Exercicios/Fundamentos/Bloco-1/unix_tests/top_skills.txt
	renamed:    Exercicios/Fundamentos/Bloco1/bloco-1-dia-04/Git log.txt -> Exercicios/Fundamentos/Bloco-2/Dia-2.1/Git-log-teste.txt
	new file:   Exercicios/Fundamentos/Bloco-2/Dia-2.1/Gitignore-teste.txt
	renamed:    Exercicios/Fundamentos/Bloco2/git-dia-01/Parte 1 - Chave SSH git to github -> Exercicios/Fundamentos/Bloco-2/Dia-2.1/Parte-1-Instal-e-Config-Git.txt
	renamed:    Exercicios/Fundamentos/Bloco2/git-dia-01/Parte 1 - Instalação e configuração parte II -> Exercicios/Fundamentos/Bloco-2/Dia-2.1/Parte-1-Instalação-e-configuração-parte-II.txt
	renamed:    Exercicios/Fundamentos/Bloco2/git-dia-01/Parte 1 - Instalação e configuração parte III -> Exercicios/Fundamentos/Bloco-2/Dia-2.1/Parte-1-Instalação-e-configuração-parte-III.txt
	renamed:    Exercicios/Fundamentos/Bloco2/git-dia-01/Parte 1 - Instalação e configuração -> Exercicios/Fundamentos/Bloco-2/Dia-2.1/Parte-1-Instalação-e-configuração.txt
	new file:   Exercicios/Fundamentos/Bloco-2/Dia-2.1/UpLoad diretorio no GitHub.txt
	deleted:    Exercicios/Fundamentos/Bloco1/bloco-1-dia-03/Unix & Bash - Parte1 I.txt
	deleted:    Exercicios/Fundamentos/Bloco1/bloco-1-dia-04/Clone Dietorio GitHub
	deleted:    Exercicios/Fundamentos/Bloco1/bloco-1-dia-04/UpLoad diretorio no GitHub
	deleted:    Exercicios/Fundamentos/Bloco1/unix_tests/bunch_of_things_ordenado.txt
	deleted:    Exercicios/Fundamentos/Bloco2/5_MOTIVOS_PARA_VOCE_APRENDER_JAVASCRIPT mesh palavras erika.txt

erika@Ezequiels-MacBook-Pro trybe % git commit
code --wait: code: command not found
error: There was a problem with the editor 'code --wait'.
Please supply the message using either -m or -F option.
erika@Ezequiels-MacBook-Pro trybe % git commit -m
error: switch `m' requires a value
usage: git commit [<options>] [--] <pathspec>...

    -q, --quiet           suppress summary after successful commit
    -v, --verbose         show diff in commit message template

Commit message options
    -F, --file <file>     read message from file
    --author <author>     override author for commit
    --date <date>         override date for commit
    -m, --message <message>
                          commit message
    -c, --reedit-message <commit>
                          reuse and edit message from specified commit
    -C, --reuse-message <commit>
                          reuse message from specified commit
    --fixup <commit>      use autosquash formatted message to fixup specified commit
    --squash <commit>     use autosquash formatted message to squash specified commit
    --reset-author        the commit is authored by me now (used with -C/-c/--amend)
    -s, --signoff         add Signed-off-by:
    -t, --template <file>
                          use specified template file
    -e, --edit            force edit of commit
    --cleanup <default>   how to strip spaces and #comments from message
    --status              include status in commit message template
    -S, --gpg-sign[=<key-id>]
                          GPG sign commit

Commit contents options
    -a, --all             commit all changed files
    -i, --include         add specified files to index for commit
    --interactive         interactively add files
    -p, --patch           interactively add changes
    -o, --only            commit only specified files
    -n, --no-verify       bypass pre-commit and commit-msg hooks
    --dry-run             show what would be committed
    --short               show status concisely
    --branch              show branch information
    --porcelain           machine-readable output
    --long                show status in long format (default)
    -z, --null            terminate entries with NUL
    --amend               amend previous commit
    --no-post-rewrite     bypass post-rewrite hook
    -u, --untracked-files[=<mode>]
                          show untracked files, optional modes: all, normal, no. (Default: all)

erika@Ezequiels-MacBook-Pro trybe % git commit -m "Atualização de organização dos diretórios"
[main 756b307] Atualização de organização dos diretórios
 29 files changed, 825 insertions(+), 461 deletions(-)
 rename Exercicios/Fundamentos/{Bloco1/bloco-1-dia-03 => Bloco-1/Dia-1.3}/Unix & Bash - Parte1 II.txt (100%)
 rename Exercicios/Fundamentos/{Bloco1/bloco-1-dia-03/Unix & Bash - Parte 1  .txt => Bloco-1/Dia-1.3/unix-&-Bash-Parte-1-I.txt} (100%)
 create mode 100644 Exercicios/Fundamentos/Bloco-1/Dia-1.3/unix-&-Bash-Parte-1-II.txt
 rename Exercicios/Fundamentos/{Bloco1/bloco-1-dia-04/Unix & Bash - Parte2 I.txt => Bloco-1/Dia-1.4/Unix-&-Bash-Parte-2-I.txt} (100%)
 rename Exercicios/Fundamentos/{Bloco1/bloco-1-dia-04/Unix & Bash - Parte2 II.txt => Bloco-1/Dia-1.4/Unix-&-Bash-Parte-2-II.txt} (100%)
 create mode 100644 Exercicios/Fundamentos/Bloco-1/Dia-1.4/Unix-&-Bash-Parte-2-III.txt
 create mode 100644 Exercicios/Fundamentos/Bloco-1/Dia-1.4/Unix-&-Bash-Parte-2-IV.txt
 rename Exercicios/Fundamentos/{Bloco1/bloco-1-dia-04 => Bloco-1/Dia-1.4}/Unix_Bash_Dia2 (100%)
 rename Exercicios/Fundamentos/{Bloco1 => Bloco-1}/trybe-skills.txt (100%)
 rename Exercicios/Fundamentos/{Bloco1 => Bloco-1}/unix_tests/bunch_of_things.txt (100%)
 rename Exercicios/Fundamentos/{Bloco1 => Bloco-1}/unix_tests/countries.txt (100%)
 rename Exercicios/Fundamentos/{Bloco1 => Bloco-1}/unix_tests/empty.pdf (100%)
 rename Exercicios/Fundamentos/{Bloco1 => Bloco-1}/unix_tests/empty.tbt (100%)
 rename Exercicios/Fundamentos/{Bloco1 => Bloco-1}/unix_tests/phrases.txt (100%)
 rename Exercicios/Fundamentos/{Bloco1 => Bloco-1}/unix_tests/phrases2.txt (100%)
 rename Exercicios/Fundamentos/{Bloco1 => Bloco-1}/unix_tests/skills2.txt (100%)
 rename Exercicios/Fundamentos/{Bloco1 => Bloco-1}/unix_tests/top_skills.txt (100%)
 rename Exercicios/Fundamentos/{Bloco1/bloco-1-dia-04/Git log.txt => Bloco-2/Dia-2.1/Git-log-teste.txt} (100%)
 create mode 100644 Exercicios/Fundamentos/Bloco-2/Dia-2.1/Gitignore-teste.txt
 rename Exercicios/Fundamentos/{Bloco2/git-dia-01/Parte 1 - Chave SSH git to github => Bloco-2/Dia-2.1/Parte-1-Instal-e-Config-Git.txt} (100%)
 rename Exercicios/Fundamentos/{Bloco2/git-dia-01/Parte 1 - Instalação e configuração parte II => Bloco-2/Dia-2.1/Parte-1-Instalação-e-configuração-parte-II.txt} (100%)
 rename Exercicios/Fundamentos/{Bloco2/git-dia-01/Parte 1 - Instalação e configuração parte III => Bloco-2/Dia-2.1/Parte-1-Instalação-e-configuração-parte-III.txt} (100%)
 rename Exercicios/Fundamentos/{Bloco2/git-dia-01/Parte 1 - Instalação e configuração => Bloco-2/Dia-2.1/Parte-1-Instalação-e-configuração.txt} (100%)
 create mode 100644 Exercicios/Fundamentos/Bloco-2/Dia-2.1/UpLoad diretorio no GitHub.txt
 delete mode 100644 Exercicios/Fundamentos/Bloco1/bloco-1-dia-03/Unix & Bash - Parte1 I.txt
 delete mode 100644 Exercicios/Fundamentos/Bloco1/bloco-1-dia-04/Clone Dietorio GitHub
 delete mode 100644 Exercicios/Fundamentos/Bloco1/bloco-1-dia-04/UpLoad diretorio no GitHub
 delete mode 100644 Exercicios/Fundamentos/Bloco1/unix_tests/bunch_of_things_ordenado.txt
 delete mode 100644 Exercicios/Fundamentos/Bloco2/5_MOTIVOS_PARA_VOCE_APRENDER_JAVASCRIPT mesh palavras erika.txt
erika@Ezequiels-MacBook-Pro trybe % git status
On branch main
Your branch is ahead of 'origin/main' by 1 commit.
  (use "git push" to publish your local commits)

nothing to commit, working tree clean
erika@Ezequiels-MacBook-Pro trybe % git push -u
Enter passphrase for key '/Users/erika/.ssh/id_rsa': 
Counting objects: 15, done.
Delta compression using up to 4 threads.
Compressing objects: 100% (14/14), done.
Writing objects: 100% (15/15), 9.24 KiB | 4.62 MiB/s, done.
Total 15 (delta 0), reused 0 (delta 0)
To github.com:erikadeolima/trybe-exercicios.git
   83a9b28..756b307  main -> main
Branch 'main' set up to track remote branch 'main' from 'origin'.
erika@Ezequiels-MacBook-Pro trybe % 
